This is pdfTeX, Version 3.141592653-2.6-1.40.27 (MiKTeX 25.4) (preloaded format=pdflatex 2026.1.8)  13 JUL 2026 11:46
entering extended mode
 restricted \write18 enabled.
 file:line:error style messages enabled.
 %&-line parsing enabled.
**"d:/OneDrive - Continental AG/MestradoUspPoli/Anti-Brake System/Overleaf/Mestrado/Controle_Digital_de_Pressao_Hidraulica_ADAS_CBA/sbaconf.tex"
(d:/OneDrive - Continental AG/MestradoUspPoli/Anti-Brake System/Overleaf/Mestrado/Controle_Digital_de_Pressao_Hidraulica_ADAS_CBA/sbaconf.tex
LaTeX2e <2023-11-01> patch level 1
L3 programming layer <2024-01-04>
(ifacconf.cls
Document Class: ifacconf 2008/04/14, 3.2ModD: IFAC conferences

\@frontmatterwidth=\dimen140
\@bls=\dimen141
\eqntopsep=\skip48
\eqnarraycolsep=\dimen142
\labelwidthi=\dimen143
\labelwidthii=\dimen144
\labelwidthiii=\dimen145
\labelwidthiv=\dimen146
\@maxlistdepth=\count187
\eqnbaselineskip=\skip49
\eqnlineskip=\skip50
\mathindent=\dimen147
\rulepreskip=\dimen148
\rulepostskip=\dimen149
\Arrayrulewidth=\dimen150
\crulepostskip=\dimen151
\@Ldec=\dimen152
\@Rdec=\dimen153
\@Lpmdec=\dimen154
\@Rpmdec=\dimen155
\c@section=\count188
\c@subsection=\count189
\c@subsubsection=\count190
\c@paragraph=\count191
\c@subparagraph=\count192
(C:\Users\uidq5744\AppData\Local\Programs\MiKTeX\tex/latex/tools\theorem.sty
Package: theorem 2023/07/05 v2.2c Theorem extension package (FMi)
\theorem@style=\toks17
\theorem@bodyfont=\toks18
\theorempreskipamount=\skip51
\theorempostskipamount=\skip52
 (C:\Users\uidq5744\AppData\Local\Programs\MiKTeX\tex/latex/tools\thp.sty
File: thp.sty 2023/07/05 v2.2c Theorem extension package (FMi)
)) (C:\Users\uidq5744\AppData\Local\Programs\MiKTeX\tex/latex/base\newlfont.sty
Package: newlfont 1998/08/17 v2.2m Standard LaTeX package
LaTeX Info: Redefining \em on input line 57.
 (C:\Users\uidq5744\AppData\Local\Programs\MiKTeX\tex/latex/base\latexsym.sty
Package: latexsym 1998/08/17 v2.2e Standard LaTeX package (lasy symbols)
\symlasy=\mathgroup4
LaTeX Font Info:    Overwriting symbol font `lasy' in version `bold'
(Font)                  U/lasy/m/n --> U/lasy/b/n on input line 52.
))
LaTeX Info: Redefining \rm on input line 595.
LaTeX Info: Redefining \sf on input line 596.
LaTeX Info: Redefining \tt on input line 597.
LaTeX Info: Redefining \bf on input line 598.
LaTeX Info: Redefining \it on input line 599.
LaTeX Info: Redefining \sl on input line 600.
LaTeX Info: Redefining \sc on input line 601.
\c@thm=\count193
\c@alg=\count194
\c@algorithm=\count195
\c@note=\count196
\c@summ=\count197
\c@case=\count198
\@tempcntc=\count199
\c@figure=\count266
\c@table=\count267
\t@glob@notes=\toks19
\t@loc@notes=\toks20
\note@cnt=\count268
\c@author=\count269
\n@author=\count270
\c@collab=\count271
\n@collab=\count272
\c@address=\count273
\sv@mathsurround=\dimen156
\sv@hyphenpenalty=\count274
\prev@elem=\count275
\cur@elem=\count276
\fm@box=\box51
\fm@size=\dimen157
\t@abstract=\box52
\t@keyword=\box53
\rep@mod=\count277
\t@xtheight=\dimen158
\@logoheight=\dimen159
\@pubyear=\count278
\c@firstpage=\count279
\c@lastpage=\count280
\slashbox=\box54
LaTeX Font Info:    External font `cmex10' loaded for size
(Font)              <7> on input line 1506.
LaTeX Font Info:    External font `cmex10' loaded for size
(Font)              <5> on input line 1506.
LaTeX Font Info:    Trying to load font information for U+lasy on input line 1506.
 (C:\Users\uidq5744\AppData\Local\Programs\MiKTeX\tex/latex/base\ulasy.fd
File: ulasy.fd 1998/08/17 v2.2e LaTeX symbol font definitions
)
\Slashbox=\box55
LaTeX Font Info:    External font `cmex10' loaded for size
(Font)              <12> on input line 1507.
LaTeX Font Info:    External font `cmex10' loaded for size
(Font)              <8> on input line 1507.
LaTeX Font Info:    External font `cmex10' loaded for size
(Font)              <6> on input line 1507.
\@frontindent=\dimen160
) (C:\Users\uidq5744\AppData\Local\Programs\MiKTeX\tex/latex/graphics\graphicx.sty
Package: graphicx 2021/09/16 v1.2d Enhanced LaTeX Graphics (DPC,SPQR)
 (C:\Users\uidq5744\AppData\Local\Programs\MiKTeX\tex/latex/graphics\keyval.sty
Package: keyval 2022/05/29 v1.15 key=value parser (DPC)
\KV@toks@=\toks21
) (C:\Users\uidq5744\AppData\Local\Programs\MiKTeX\tex/latex/graphics\graphics.sty
Package: graphics 2022/03/10 v1.4e Standard LaTeX Graphics (DPC,SPQR)
 (C:\Users\uidq5744\AppData\Local\Programs\MiKTeX\tex/latex/graphics\trig.sty
Package: trig 2021/08/11 v1.11 sin cos tan (DPC)
) (C:\Users\uidq5744\AppData\Local\Programs\MiKTeX\tex/latex/graphics-cfg\graphics.cfg
File: graphics.cfg 2016/06/04 v1.11 sample graphics configuration
)
Package graphics Info: Driver file: pdftex.def on input line 107.
 (C:\Users\uidq5744\AppData\Local\Programs\MiKTeX\tex/latex/graphics-def\pdftex.def
File: pdftex.def 2022/09/22 v1.2b Graphics/color driver for pdftex
))
\Gin@req@height=\dimen161
\Gin@req@width=\dimen162
) (C:\Users\uidq5744\AppData\Local\Programs\MiKTeX\tex/latex/amsmath\amsmath.sty
Package: amsmath 2023/05/13 v2.17o AMS math features
\@mathmargin=\skip53

For additional information on amsmath, use the `?' option.
(C:\Users\uidq5744\AppData\Local\Programs\MiKTeX\tex/latex/amsmath\amstext.sty
Package: amstext 2021/08/26 v2.01 AMS text
 (C:\Users\uidq5744\AppData\Local\Programs\MiKTeX\tex/latex/amsmath\amsgen.sty
File: amsgen.sty 1999/11/30 v2.0 generic functions
\@emptytoks=\toks22
\ex@=\dimen163
)) (C:\Users\uidq5744\AppData\Local\Programs\MiKTeX\tex/latex/amsmath\amsbsy.sty
Package: amsbsy 1999/11/29 v1.2d Bold Symbols
\pmbraise@=\dimen164
) (C:\Users\uidq5744\AppData\Local\Programs\MiKTeX\tex/latex/amsmath\amsopn.sty
Package: amsopn 2022/04/08 v2.04 operator names
LaTeX Info: Redefining \operatorname on input line 43.
)
\inf@bad=\count281
LaTeX Info: Redefining \frac on input line 234.
\uproot@=\count282
\leftroot@=\count283
LaTeX Info: Redefining \overline on input line 399.
LaTeX Info: Redefining \colon on input line 410.
\classnum@=\count284
\DOTSCASE@=\count285
LaTeX Info: Redefining \ldots on input line 496.
LaTeX Info: Redefining \dots on input line 499.
LaTeX Info: Redefining \cdots on input line 620.
\Mathstrutbox@=\box56
\strutbox@=\box57
LaTeX Info: Redefining \big on input line 722.
LaTeX Info: Redefining \Big on input line 723.
LaTeX Info: Redefining \bigg on input line 724.
LaTeX Info: Redefining \Bigg on input line 725.
\big@size=\dimen165
LaTeX Font Info:    Redeclaring font encoding OML on input line 743.
LaTeX Font Info:    Redeclaring font encoding OMS on input line 744.
\macc@depth=\count286
LaTeX Info: Redefining \bmod on input line 905.
LaTeX Info: Redefining \pmod on input line 910.
LaTeX Info: Redefining \smash on input line 940.
LaTeX Info: Redefining \relbar on input line 970.
LaTeX Info: Redefining \Relbar on input line 971.
\c@MaxMatrixCols=\count287
\dotsspace@=\muskip16
\c@parentequation=\count288
\dspbrk@lvl=\count289
\tag@help=\toks23
\row@=\count290
\column@=\count291
\maxfields@=\count292
\andhelp@=\toks24
\eqnshift@=\dimen166
\alignsep@=\dimen167
\tagshift@=\dimen168
\tagwidth@=\dimen169
\totwidth@=\dimen170
\lineht@=\dimen171
\@envbody=\toks25
\multlinegap=\skip54
\multlinetaggap=\skip55
\mathdisplay@stack=\toks26
LaTeX Info: Redefining \[ on input line 2953.
LaTeX Info: Redefining \] on input line 2954.
) (C:\Users\uidq5744\AppData\Local\Programs\MiKTeX\tex/latex/url\url.sty
\Urlmuskip=\muskip17
Package: url 2013/09/16  ver 3.4  Verb mode for urls, etc.
) (C:\Users\uidq5744\AppData\Local\Programs\MiKTeX\tex/latex/booktabs\booktabs.sty
Package: booktabs 2020/01/12 v1.61803398 Publication quality tables
\heavyrulewidth=\dimen172
\lightrulewidth=\dimen173
\cmidrulewidth=\dimen174
\belowrulesep=\dimen175
\belowbottomsep=\dimen176
\aboverulesep=\dimen177
\abovetopsep=\dimen178
\cmidrulesep=\dimen179
\cmidrulekern=\dimen180
\defaultaddspace=\dimen181
\@cmidla=\count293
\@cmidlb=\count294
\@aboverulesep=\dimen182
\@belowrulesep=\dimen183
\@thisruleclass=\count295
\@lastruleclass=\count296
\@thisrulewidth=\dimen184
) (C:\Users\uidq5744\AppData\Local\Programs\MiKTeX\tex/latex/natbib\natbib.sty
Package: natbib 2010/09/13 8.31b (PWD, AO)
\bibhang=\skip56
\bibsep=\skip57
LaTeX Info: Redefining \cite on input line 694.
\c@NAT@ctr=\count297
) (C:\Users\uidq5744\AppData\Local\Programs\MiKTeX\tex/generic/babel\babel.sty
Package: babel 2024/01/07 v24.1 The Babel package
\babel@savecnt=\count298
\U@D=\dimen185
\l@unhyphenated=\language79
 (C:\Users\uidq5744\AppData\Local\Programs\MiKTeX\tex/generic/babel\txtbabel.def)
\bbl@readstream=\read2
\bbl@dirlevel=\count299

*************************************
* Local config file bblopts.cfg used
*
(C:\Users\uidq5744\AppData\Local\Programs\MiKTeX\tex/latex/arabi\bblopts.cfg
File: bblopts.cfg 2005/09/08 v0.1 add Arabic and Farsi to "declared" options of babel
) (C:\Users\uidq5744\AppData\Local\Programs\MiKTeX\tex/latex/babel-spanish\spanish.ldf
Language: spanish.ldf 2021/05/27 v5.0q Spanish support from the babel system
\es@quottoks=\toks27
\es@quotdepth=\count300
Package babel Info: Making " an active character on input line 570.
Package babel Info: Making . an active character on input line 675.
Package babel Info: Making < an active character on input line 722.
Package babel Info: Making > an active character on input line 722.
) (C:\Users\uidq5744\AppData\Local\Programs\MiKTeX\tex/latex/babel-portuges\brazil.ldf
Language: portuges 2021/07/09 v1.2t Portuguese support from the babel system
Package babel Info: Hyphen rules for 'brazil' set to \l@portuguese
(babel)             (\language56). Reported on input line 111.
) (C:\Users\uidq5744\AppData\Local\Programs\MiKTeX\tex/latex/babel-english\english.ldf
Language: english 2017/06/06 v3.3r English support from the babel system
Package babel Info: Hyphen rules for 'canadian' set to \l@english
(babel)             (\language0). Reported on input line 102.
Package babel Info: Hyphen rules for 'australian' set to \l@ukenglish
(babel)             (\language73). Reported on input line 105.
Package babel Info: Hyphen rules for 'newzealand' set to \l@ukenglish
(babel)             (\language73). Reported on input line 108.
)) (C:\Users\uidq5744\AppData\Local\Programs\MiKTeX\tex/generic/babel/locale/en\babel-english.tex
Package babel Info: Importing font and identification data for english
(babel)             from babel-en.ini. Reported on input line 11.
) (C:\Users\uidq5744\AppData\Local\Programs\MiKTeX\tex/generic/babel/locale/es\babel-spanish.tex
Package babel Info: Importing font and identification data for spanish
(babel)             from babel-es.ini. Reported on input line 11.
) (C:\Users\uidq5744\AppData\Local\Programs\MiKTeX\tex/latex/base\fontenc.sty
Package: fontenc 2021/04/29 v2.0v Standard LaTeX package
) (C:\Users\uidq5744\AppData\Local\Programs\MiKTeX\tex/latex/base\inputenc.sty
Package: inputenc 2021/02/14 v1.3d Input encoding file
\inpenc@prehook=\toks28
\inpenc@posthook=\toks29
) (C:\Users\uidq5744\AppData\Local\Programs\MiKTeX\tex/latex/ae\ae.sty
Package: ae 2001/02/12 1.3 Almost European Computer Modern
 (C:\Users\uidq5744\AppData\Local\Programs\MiKTeX\tex/latex/base\fontenc.sty
Package: fontenc 2021/04/29 v2.0v Standard LaTeX package
))
LaTeX Font Info:    Trying to load font information for T1+aer on input line 68.
 (C:\Users\uidq5744\AppData\Local\Programs\MiKTeX\tex/latex/ae\t1aer.fd
File: t1aer.fd 1997/11/16 Font definitions for T1/aer.
) (C:\Users\uidq5744\AppData\Local\Programs\MiKTeX\tex/latex/l3backend\l3backend-pdftex.def
File: l3backend-pdftex.def 2024-01-04 L3 backend support: PDF output (pdfTeX)
\l__color_backend_stack_int=\count301
\l__pdf_internal_box=\box58
) (sbaconf.aux)
\openout1 = `sbaconf.aux'.

LaTeX Font Info:    Checking defaults for OML/cmm/m/it on input line 68.
LaTeX Font Info:    ... okay on input line 68.
LaTeX Font Info:    Checking defaults for OMS/cmsy/m/n on input line 68.
LaTeX Font Info:    ... okay on input line 68.
LaTeX Font Info:    Checking defaults for OT1/cmr/m/n on input line 68.
LaTeX Font Info:    ... okay on input line 68.
LaTeX Font Info:    Checking defaults for T1/cmr/m/n on input line 68.
LaTeX Font Info:    ... okay on input line 68.
LaTeX Font Info:    Checking defaults for TS1/cmr/m/n on input line 68.
LaTeX Font Info:    ... okay on input line 68.
LaTeX Font Info:    Checking defaults for OMX/cmex/m/n on input line 68.
LaTeX Font Info:    ... okay on input line 68.
LaTeX Font Info:    Checking defaults for U/cmr/m/n on input line 68.
LaTeX Font Info:    ... okay on input line 68.
 (C:\Users\uidq5744\AppData\Local\Programs\MiKTeX\tex/context/base/mkii\supp-pdf.mkii
[Loading MPS to PDF converter (version 2006.09.02).]
\scratchcounter=\count302
\scratchdimen=\dimen186
\scratchbox=\box59
\nofMPsegments=\count303
\nofMParguments=\count304
\everyMPshowfont=\toks30
\MPscratchCnt=\count305
\MPscratchDim=\dimen187
\MPnumerator=\count306
\makeMPintoPDFobject=\count307
\everyMPtoPDFconversion=\toks31
) (C:\Users\uidq5744\AppData\Local\Programs\MiKTeX\tex/latex/epstopdf-pkg\epstopdf-base.sty
Package: epstopdf-base 2020-01-24 v2.11 Base part for package epstopdf
 (C:\Users\uidq5744\AppData\Local\Programs\MiKTeX\tex/generic/infwarerr\infwarerr.sty
Package: infwarerr 2019/12/03 v1.5 Providing info/warning/error messages (HO)
) (C:\Users\uidq5744\AppData\Local\Programs\MiKTeX\tex/latex/grfext\grfext.sty
Package: grfext 2019/12/03 v1.3 Manage graphics extensions (HO)
 (C:\Users\uidq5744\AppData\Local\Programs\MiKTeX\tex/generic/kvdefinekeys\kvdefinekeys.sty
Package: kvdefinekeys 2019-12-19 v1.6 Define keys (HO)
)) (C:\Users\uidq5744\AppData\Local\Programs\MiKTeX\tex/latex/kvoptions\kvoptions.sty
Package: kvoptions 2022-06-15 v3.15 Key value format for package options (HO)
 (C:\Users\uidq5744\AppData\Local\Programs\MiKTeX\tex/generic/ltxcmds\ltxcmds.sty
Package: ltxcmds 2023-12-04 v1.26 LaTeX kernel commands for general use (HO)
) (C:\Users\uidq5744\AppData\Local\Programs\MiKTeX\tex/latex/kvsetkeys\kvsetkeys.sty
Package: kvsetkeys 2022-10-05 v1.19 Key value parser (HO)
)) (C:\Users\uidq5744\AppData\Local\Programs\MiKTeX\tex/generic/pdftexcmds\pdftexcmds.sty
Package: pdftexcmds 2020-06-27 v0.33 Utility functions of pdfTeX for LuaTeX (HO)
 (C:\Users\uidq5744\AppData\Local\Programs\MiKTeX\tex/generic/iftex\iftex.sty
Package: iftex 2022/02/03 v1.0f TeX engine tests
)
Package pdftexcmds Info: \pdf@primitive is available.
Package pdftexcmds Info: \pdf@ifprimitive is available.
Package pdftexcmds Info: \pdfdraftmode found.
)
Package epstopdf-base Info: Redefining graphics rule for `.eps' on input line 485.
Package grfext Info: Graphics extension search list:
(grfext)             [.pdf,.png,.jpg,.mps,.jpeg,.jbig2,.jb2,.PDF,.PNG,.JPG,.JPEG,.JBIG2,.JB2,.eps]
(grfext)             \AppendGraphicsExtensions on input line 504.
 (C:\Users\uidq5744\AppData\Local\Programs\MiKTeX\tex/latex/00miktex\epstopdf-sys.cfg
File: epstopdf-sys.cfg 2021/03/18 v2.0 Configuration of epstopdf for MiKTeX
))
LaTeX Font Info:    Calculating math sizes for size <14> on input line 84.
\c@sv@footnote=\count308
 [1{C:/Users/uidq5744/AppData/Local/MiKTeX/fonts/map/pdftex/pdftex.map}

]
Underfull \vbox (badness 10000) has occurred while \output is active []


Overfull \hbox (1.68198pt too wide) in paragraph at lines 204--204
 \T1/aer/m/it/10 2.1 Da de-sa-ce-le-ra-ção à re-fe-rên-cia de pres-são (si-nal ex-terno
 []

[2

]
Overfull \hbox (10.64241pt too wide) in paragraph at lines 212--212
 \T1/aer/m/it/10 2.2 Mo-delo hi-dráu-lico não li-near con-cen-trado (duas pres-sões) 
 []

<modulo_2P_malha_aberta.png, id=12, 1064.47687pt x 358.33875pt>
File: modulo_2P_malha_aberta.png Graphic file (type png)
<use modulo_2P_malha_aberta.png>
Package pdftex.def Info: modulo_2P_malha_aberta.png  used on input line 263.
(pdftex.def)             Requested size: 233.3125pt x 78.5395pt.
[3 <./modulo_2P_malha_aberta.png>]
<modulo_2P_malha_fechada.png, id=23, 816.04875pt x 477.28313pt>
File: modulo_2P_malha_fechada.png Graphic file (type png)
<use modulo_2P_malha_fechada.png>
Package pdftex.def Info: modulo_2P_malha_fechada.png  used on input line 355.
(pdftex.def)             Requested size: 233.3125pt x 136.45677pt.

Underfull \vbox (badness 10000) has occurred while \output is active []

 [4 <./modulo_2P_malha_fechada.png>]
<scripts/figuras/artigo_ensaio_malha_aberta_integrado_real.pdf, id=34, 852.18375pt x 632.3625pt>
File: scripts/figuras/artigo_ensaio_malha_aberta_integrado_real.pdf Graphic file (type pdf)
<use scripts/figuras/artigo_ensaio_malha_aberta_integrado_real.pdf>
Package pdftex.def Info: scripts/figuras/artigo_ensaio_malha_aberta_integrado_real.pdf  used on input line 373.
(pdftex.def)             Requested size: 233.3125pt x 173.12347pt.

Overfull \hbox (9.13005pt too wide) in paragraph at lines 379--380
[]\T1/aer/m/n/10 Em ma-lha fe-chada (Fi-gura 4[]), a ar-qui-te-tura LQI+observador
 []


Underfull \hbox (badness 10000) in paragraph at lines 390--391
[]\T1/aer/m/n/8 O co-mando de $\OML/cmm/m/it/8 ![]$ \T1/aer/m/n/8 atinge
 []


Underfull \hbox (badness 10000) in paragraph at lines 390--391
\T1/aer/m/n/8 1500 rad/s em tran-si-ções
 []


Underfull \hbox (badness 10000) in paragraph at lines 390--391
\T1/aer/m/n/8 agres-si-vas, sem perda de
 []

<scripts/figuras/simulacao_comandos_e_pressao.pdf, id=35, 851.18pt x 618.31pt>
File: scripts/figuras/simulacao_comandos_e_pressao.pdf Graphic file (type pdf)
<use scripts/figuras/simulacao_comandos_e_pressao.pdf>
Package pdftex.def Info: scripts/figuras/simulacao_comandos_e_pressao.pdf  used on input line 399.
(pdftex.def)             Requested size: 233.3125pt x 169.47441pt.
<scripts/figuras/artigo_item01_metricas_tracking.pdf, id=36, 882.29625pt x 631.35875pt>
File: scripts/figuras/artigo_item01_metricas_tracking.pdf Graphic file (type pdf)
<use scripts/figuras/artigo_item01_metricas_tracking.pdf>
Package pdftex.def Info: scripts/figuras/artigo_item01_metricas_tracking.pdf  used on input line 425.
(pdftex.def)             Requested size: 233.3125pt x 166.95282pt.
<scripts/figuras/artigo_item01_metricas_desempenho.pdf, id=37, 854.19125pt x 628.3475pt>
File: scripts/figuras/artigo_item01_metricas_desempenho.pdf Graphic file (type pdf)
<use scripts/figuras/artigo_item01_metricas_desempenho.pdf>
Package pdftex.def Info: scripts/figuras/artigo_item01_metricas_desempenho.pdf  used on input line 425.
(pdftex.def)             Requested size: 233.3125pt x 171.62158pt.
<scripts/figuras/artigo_item02_dpdt_saturacao.pdf, id=38, 852.18375pt x 631.35875pt>
File: scripts/figuras/artigo_item02_dpdt_saturacao.pdf Graphic file (type pdf)
<use scripts/figuras/artigo_item02_dpdt_saturacao.pdf>
Package pdftex.def Info: scripts/figuras/artigo_item02_dpdt_saturacao.pdf  used on input line 437.
(pdftex.def)             Requested size: 233.3125pt x 172.84868pt.
[5 <./scripts/figuras/artigo_ensaio_malha_aberta_integrado_real.pdf> <./scripts/figuras/simulacao_comandos_e_pressao.pdf> <./scripts/figuras/artigo_item01_metricas_tracking.pdf>]
<scripts/figuras/artigo_item03_assimetria_subida_descida.pdf, id=107, 843.15pt x 618.31pt>
File: scripts/figuras/artigo_item03_assimetria_subida_descida.pdf Graphic file (type pdf)
<use scripts/figuras/artigo_item03_assimetria_subida_descida.pdf>
Package pdftex.def Info: scripts/figuras/artigo_item03_assimetria_subida_descida.pdf  used on input line 449.
(pdftex.def)             Requested size: 233.3125pt x 171.09717pt.
<scripts/figuras/artigo_item04_ripple_fft.pdf, id=108, 847.165pt x 631.35875pt>
File: scripts/figuras/artigo_item04_ripple_fft.pdf Graphic file (type pdf)
<use scripts/figuras/artigo_item04_ripple_fft.pdf>
Package pdftex.def Info: scripts/figuras/artigo_item04_ripple_fft.pdf  used on input line 461.
(pdftex.def)             Requested size: 233.3125pt x 173.87949pt.
<scripts/figuras/artigo_item06_sensibilidade_parametrica.pdf, id=109, 847.165pt x 631.35875pt>
File: scripts/figuras/artigo_item06_sensibilidade_parametrica.pdf Graphic file (type pdf)
<use scripts/figuras/artigo_item06_sensibilidade_parametrica.pdf>
Package pdftex.def Info: scripts/figuras/artigo_item06_sensibilidade_parametrica.pdf  used on input line 485.
(pdftex.def)             Requested size: 233.3125pt x 173.87949pt.
<scripts/figuras/artigo_item09_tradeoff_erro_esforco.pdf, id=110, 764.8575pt x 583.17876pt>
File: scripts/figuras/artigo_item09_tradeoff_erro_esforco.pdf Graphic file (type pdf)
<use scripts/figuras/artigo_item09_tradeoff_erro_esforco.pdf>
Package pdftex.def Info: scripts/figuras/artigo_item09_tradeoff_erro_esforco.pdf  used on input line 497.
(pdftex.def)             Requested size: 233.3125pt x 177.89151pt.
 [6 <./scripts/figuras/artigo_item01_metricas_desempenho.pdf> <./scripts/figuras/artigo_item02_dpdt_saturacao.pdf> <./scripts/figuras/artigo_item03_assimetria_subida_descida.pdf> <./scripts/figuras/artigo_item04_ripple_fft.pdf> <./scripts/figuras/artigo_item06_sensibilidade_parametrica.pdf>]
<scripts/figuras/artigo_item10_robustez_ruido.pdf, id=249, 844.15375pt x 628.3475pt>
File: scripts/figuras/artigo_item10_robustez_ruido.pdf Graphic file (type pdf)
<use scripts/figuras/artigo_item10_robustez_ruido.pdf>
Package pdftex.def Info: scripts/figuras/artigo_item10_robustez_ruido.pdf  used on input line 511.
(pdftex.def)             Requested size: 233.3125pt x 173.66379pt.
<scripts/figuras/artigo_simulacao_ruido_medicao.pdf, id=250, 851.18pt x 619.31375pt>
File: scripts/figuras/artigo_simulacao_ruido_medicao.pdf Graphic file (type pdf)
<use scripts/figuras/artigo_simulacao_ruido_medicao.pdf>
Package pdftex.def Info: scripts/figuras/artigo_simulacao_ruido_medicao.pdf  used on input line 521.
(pdftex.def)             Requested size: 233.3125pt x 169.74953pt.
 [7 <./scripts/figuras/artigo_item09_tradeoff_erro_esforco.pdf> <./scripts/figuras/artigo_item10_robustez_ruido.pdf> <./scripts/figuras/artigo_simulacao_ruido_medicao.pdf>] (sbaconf.bbl
LaTeX Font Info:    Trying to load font information for T1+aett on input line 16.
 (C:\Users\uidq5744\AppData\Local\Programs\MiKTeX\tex/latex/ae\t1aett.fd
File: t1aett.fd 1997/11/16 Font definitions for T1/aett.
)) [8] (sbaconf.aux)
 ***********
LaTeX2e <2023-11-01> patch level 1
L3 programming layer <2024-01-04>
 ***********
 ) 
Here is how much of TeX's memory you used:
 5789 strings out of 474479
 99286 string characters out of 5742176
 1948542 words of memory out of 5000000
 27963 multiletter control sequences out of 15000+600000
 577796 words of font info for 79 fonts, out of 8000000 for 9000
 1141 hyphenation exceptions out of 8191
 61i,13n,71p,1824b,410s stack positions out of 10000i,1000n,20000p,200000b,200000s
<C:/Users/uidq5744/AppData/Local/Programs/MiKTeX/fonts/type1/public/amsfonts/cm/cmb10.pfb><C:/Users/uidq5744/AppData/Local/Programs/MiKTeX/fonts/type1/public/amsfonts/cm/cmex10.pfb><C:/Users/uidq5744/AppData/Local/Programs/MiKTeX/fonts/type1/public/amsfonts/cm/cmmi10.pfb><C:/Users/uidq5744/AppData/Local/Programs/MiKTeX/fonts/type1/public/amsfonts/cm/cmmi6.pfb><C:/Users/uidq5744/AppData/Local/Programs/MiKTeX/fonts/type1/public/amsfonts/cm/cmmi7.pfb><C:/Users/uidq5744/AppData/Local/Programs/MiKTeX/fonts/type1/public/amsfonts/cm/cmmi8.pfb><C:/Users/uidq5744/AppData/Local/Programs/MiKTeX/fonts/type1/public/amsfonts/cm/cmr10.pfb><C:/Users/uidq5744/AppData/Local/Programs/MiKTeX/fonts/type1/public/amsfonts/cm/cmr6.pfb><C:/Users/uidq5744/AppData/Local/Programs/MiKTeX/fonts/type1/public/amsfonts/cm/cmr7.pfb><C:/Users/uidq5744/AppData/Local/Programs/MiKTeX/fonts/type1/public/amsfonts/cm/cmr8.pfb><C:/Users/uidq5744/AppData/Local/Programs/MiKTeX/fonts/type1/public/amsfonts/cm/cmsy10.pfb><C:/Users/uidq5744/AppData/Local/Programs/MiKTeX/fonts/type1/public/amsfonts/cm/cmsy6.pfb><C:/Users/uidq5744/AppData/Local/Programs/MiKTeX/fonts/type1/public/amsfonts/cm/cmsy7.pfb><C:/Users/uidq5744/AppData/Local/Programs/MiKTeX/fonts/type1/public/amsfonts/cm/cmsy8.pfb><C:/Users/uidq5744/AppData/Local/Programs/MiKTeX/fonts/type1/public/amsfonts/cm/cmti10.pfb><C:/Users/uidq5744/AppData/Local/Programs/MiKTeX/fonts/type1/public/amsfonts/cm/cmtt10.pfb>
Output written on sbaconf.pdf (8 pages, 3977937 bytes).
PDF statistics:
 404 PDF objects out of 1000 (max. 8388607)
 0 named destinations out of 1000 (max. 500000)
 66 words of extra memory for PDF output out of 10000 (max. 10000000)

